[dotenv@17.2.1] injecting env (3) from .env -- tip: ≡ƒôí auto-backup env with Radar: https://dotenvx.com/radar
Testing model: gemini-1.5-flash...
Testing model: gemini-1.5-flash-001...
node : Γ¥î 
gemini-1.5-flash 
FAILED: got status: 
404 Not Found. {"erro
r":{"code":404,"messa
ge":"models/gemini-1.
5-flash is not found 
for API version 
v1beta, or is not 
supported for 
generateContent. 
Call ListModels to 
see the list of 
available models and 
their supported metho
ds.","status":"NOT_FO
UND"}}
At line:1 char:1
+ node test_model_gen
eration.js > 
test_output.txt 2>&1
+ ~~~~~~~~~~~~~~~~~~~
~~~~~~~~~~~~~~~~~~~~~
~~~~~~~~~~~~
    + CategoryInfo   
           : NotSpe  
  cified: (Γ¥î gem   
 ini-1.5-...":"NO    
T_FOUND"}}:Strin    
g) [], RemoteExc    
eption
    + FullyQualified 
   ErrorId : Native  
  CommandError
 
Γ¥î 
gemini-1.5-flash-001 
FAILED: got status: 
404 Not Found. {"erro
r":{"code":404,"messa
ge":"models/gemini-1.
5-flash-001 is not 
found for API 
version v1beta, or 
is not supported for 
generateContent. 
Call ListModels to 
see the list of 
available models and 
their supported metho
ds.","status":"NOT_FO
UND"}}
Testing model: gemini-pro...
Γ¥î gemini-pro 
FAILED: got status: 
404 Not Found. {"erro
r":{"code":404,"messa
ge":"models/gemini-pr
o is not found for 
API version v1beta, 
or is not supported 
for generateContent. 
Call ListModels to 
see the list of 
available models and 
their supported metho
ds.","status":"NOT_FO
UND"}}
Testing model: models/gemini-1.5-flash...
Γ¥î models/gemini-1.5
-flash FAILED: got 
status: 404 Not 
Found. {"error":{"cod
e":404,"message":"mod
els/gemini-1.5-flash 
is not found for API 
version v1beta, or 
is not supported for 
generateContent. 
Call ListModels to 
see the list of 
available models and 
their supported metho
ds.","status":"NOT_FO
UND"}}
